boogers
